================================Erreur de script================================
Message :
undefined method `y' for #<UI::Plane3D:0x17f848e0>

Type : NoMethodError
Script : 4_Systems_000_General_4_UI_Generics.rb (PSDK)
Ligne : 270
Date : 05/10/2026 17:36:12
Game Version : 3
Logiciel : PSDK 26.60
===================================Backtraces===================================
[28] : 4_Systems_000_General_4_UI_Generics.rb (PSDK) | ligne 270 y=
[27] : 4_Systems_000_General_4_UI_Generics.rb (PSDK) | ligne 270 each
[26] : 4_Systems_000_General_4_UI_Generics.rb (PSDK) | ligne 270 y=
[25] : 00000 Plugins/00017 cc-pokemon-boss-system/3 Battle/02 Visual/003 BossAuraVisual.rb (user) | ligne 82 apply_shake_offset
[24] : 00000 Plugins/00017 cc-pokemon-boss-system/3 Battle/02 Visual/003 BossAuraVisual.rb (user) | ligne 82 each
[23] : 00000 Plugins/00017 cc-pokemon-boss-system/3 Battle/02 Visual/003 BossAuraVisual.rb (user) | ligne 82 each_with_index
[22] : 00000 Plugins/00017 cc-pokemon-boss-system/3 Battle/02 Visual/003 BossAuraVisual.rb (user) | ligne 82 apply_shake_offset
[21] : 00000 Plugins/00017 cc-pokemon-boss-system/3 Battle/02 Visual/003 BossAuraVisual.rb (user) | ligne 87 restore_shake_origins
[20] : 00000 Plugins/00017 cc-pokemon-boss-system/3 Battle/02 Visual/1 Animations/002 BossAuraFlare.rb (user) | ligne 170 dispose
[19] : 00000 Plugins/00017 cc-pokemon-boss-system/3 Battle/02 Visual/003 BossAuraVisual.rb (user) | ligne 43 show_boss_aura_flare
[18] : 00000 Plugins/00017 cc-pokemon-boss-system/3 Battle/02 Visual/003 BossAuraVisual.rb (user) | ligne 44 show_boss_aura_flare
[17] : 00000 Plugins/00017 cc-pokemon-boss-system/3 Battle/02 Visual/003 BossAuraVisual.rb (user) | ligne 14 show_boss_aura_on_entry
[16] : 00000 Plugins/00017 cc-pokemon-boss-system/3 Battle/04 Logic/1 Handlers/105 SwitchHandlerBossAura.rb (user) | ligne 12 execute_switch_events
[15] : 5_Battle_01_Scene.rb (PSDK) | ligne 144 show_enter_event
[14] : 5_Battle_01_Scene.rb (PSDK) | ligne 143 each
[13] : 5_Battle_01_Scene.rb (PSDK) | ligne 143 show_enter_event
[12] : 5_Battle_01_Scene.rb (PSDK) | ligne 78 next_update_process
[11] : 5_Battle_01_Scene.rb (PSDK) | ligne 70 update
[10] : 4_Systems_000_General_2_GamePlay__Base.rb (PSDK) | ligne 236 main_process
[9] : 4_Systems_000_General_2_GamePlay__Base.rb (PSDK) | ligne 144 main
[8] : tools/GameLoader/Z_main.rb (PSDK) | ligne 16 <top (required)>
[7] : tools/GameLoader/3_load_extensions.rb (PSDK) | ligne 53 rgss_main
[6] : tools/GameLoader/50_load_game_uncompiled.rb (PSDK) | ligne 53 <top (required)>
[5] : ScriptLoad.rb (PSDK) | ligne 198 require
[4] : ScriptLoad.rb (PSDK) | ligne 198 load_tool
[3] : tools/GameLoader/Z_load_uncompiled.rb (PSDK) | ligne 17 <top (required)>
[2] : ScriptLoad.rb (PSDK) | ligne 198 require
[1] : ScriptLoad.rb (PSDK) | ligne 198 load_tool
[0] : Game.rb (RMXP) | ligne 11 <main>
===================================Fin du log===================================